###############################################################################
#                                                                             #
# IAR ELF Linker V1.42.1.142 for STM8                   13/Feb/2019  20:01:51 #
# Copyright 2010-2013 IAR Systems AB.                                         #
#                                                                             #
#    Output file  =  D:\code\Charge\CHARGE_GPRS\trunk\LPDIC-03D02F\Project\De #
#                    bug\Exe\Charge.out                                       #
#    Map file     =  D:\code\Charge\CHARGE_GPRS\trunk\LPDIC-03D02F\Project\De #
#                    bug\List\Charge.map                                      #
#    Command line =  "D:\code\Charge\CHARGE_GPRS\trunk\LPDIC-03D02F\Project\D #
#                    ebug\Obj\1 task_safeguard.o"                             #
#                    "D:\code\Charge\CHARGE_GPRS\trunk\LPDIC-03D02F\Project\D #
#                    ebug\Obj\2 task_control.o" "D:\code\Charge\CHARGE_GPRS\t #
#                    runk\LPDIC-03D02F\Project\Debug\Obj\3 task_mem_read.o"   #
#                    "D:\code\Charge\CHARGE_GPRS\trunk\LPDIC-03D02F\Project\D #
#                    ebug\Obj\4 task_mem_write.o"                             #
#                    "D:\code\Charge\CHARGE_GPRS\trunk\LPDIC-03D02F\Project\D #
#                    ebug\Obj\5 task_measure.o" "D:\code\Charge\CHARGE_GPRS\t #
#                    runk\LPDIC-03D02F\Project\Debug\Obj\6                    #
#                    task_communicate.o" "D:\code\Charge\CHARGE_GPRS\trunk\LP #
#                    DIC-03D02F\Project\Debug\Obj\7 task_net_connect.o"       #
#                    "D:\code\Charge\CHARGE_GPRS\trunk\LPDIC-03D02F\Project\D #
#                    ebug\Obj\8 task_interaction.o"                           #
#                    D:\code\Charge\CHARGE_GPRS\trunk\LPDIC-03D02F\Project\De #
#                    bug\Obj\app_clock.o D:\code\Charge\CHARGE_GPRS\trunk\LPD #
#                    IC-03D02F\Project\Debug\Obj\app_comm_g510.o              #
#                    D:\code\Charge\CHARGE_GPRS\trunk\LPDIC-03D02F\Project\De #
#                    bug\Obj\app_comm_pc.o D:\code\Charge\CHARGE_GPRS\trunk\L #
#                    PDIC-03D02F\Project\Debug\Obj\app_common.o               #
#                    D:\code\Charge\CHARGE_GPRS\trunk\LPDIC-03D02F\Project\De #
#                    bug\Obj\bsp_adc.o D:\code\Charge\CHARGE_GPRS\trunk\LPDIC #
#                    -03D02F\Project\Debug\Obj\bsp_common.o                   #
#                    D:\code\Charge\CHARGE_GPRS\trunk\LPDIC-03D02F\Project\De #
#                    bug\Obj\bsp_gpio.o D:\code\Charge\CHARGE_GPRS\trunk\LPDI #
#                    C-03D02F\Project\Debug\Obj\bsp_gprs.o                    #
#                    D:\code\Charge\CHARGE_GPRS\trunk\LPDIC-03D02F\Project\De #
#                    bug\Obj\bsp_iwdg.o D:\code\Charge\CHARGE_GPRS\trunk\LPDI #
#                    C-03D02F\Project\Debug\Obj\bsp_led.o                     #
#                    D:\code\Charge\CHARGE_GPRS\trunk\LPDIC-03D02F\Project\De #
#                    bug\Obj\bsp_mem.o D:\code\Charge\CHARGE_GPRS\trunk\LPDIC #
#                    -03D02F\Project\Debug\Obj\bsp_rcc.o                      #
#                    D:\code\Charge\CHARGE_GPRS\trunk\LPDIC-03D02F\Project\De #
#                    bug\Obj\bsp_task.o D:\code\Charge\CHARGE_GPRS\trunk\LPDI #
#                    C-03D02F\Project\Debug\Obj\bsp_tim.o                     #
#                    D:\code\Charge\CHARGE_GPRS\trunk\LPDIC-03D02F\Project\De #
#                    bug\Obj\bsp_uart.o D:\code\Charge\CHARGE_GPRS\trunk\LPDI #
#                    C-03D02F\Project\Debug\Obj\bsp_var.o                     #
#                    D:\code\Charge\CHARGE_GPRS\trunk\LPDIC-03D02F\Project\De #
#                    bug\Obj\bsp_ymodem.o D:\code\Charge\CHARGE_GPRS\trunk\LP #
#                    DIC-03D02F\Project\Debug\Obj\crc16.o                     #
#                    D:\code\Charge\CHARGE_GPRS\trunk\LPDIC-03D02F\Project\De #
#                    bug\Obj\main.o D:\code\Charge\CHARGE_GPRS\trunk\LPDIC-03 #
#                    D02F\Project\Debug\Obj\stm8l15x_adc.o                    #
#                    D:\code\Charge\CHARGE_GPRS\trunk\LPDIC-03D02F\Project\De #
#                    bug\Obj\stm8l15x_aes.o D:\code\Charge\CHARGE_GPRS\trunk\ #
#                    LPDIC-03D02F\Project\Debug\Obj\stm8l15x_beep.o           #
#                    D:\code\Charge\CHARGE_GPRS\trunk\LPDIC-03D02F\Project\De #
#                    bug\Obj\stm8l15x_clk.o D:\code\Charge\CHARGE_GPRS\trunk\ #
#                    LPDIC-03D02F\Project\Debug\Obj\stm8l15x_comp.o           #
#                    D:\code\Charge\CHARGE_GPRS\trunk\LPDIC-03D02F\Project\De #
#                    bug\Obj\stm8l15x_dac.o D:\code\Charge\CHARGE_GPRS\trunk\ #
#                    LPDIC-03D02F\Project\Debug\Obj\stm8l15x_dma.o            #
#                    D:\code\Charge\CHARGE_GPRS\trunk\LPDIC-03D02F\Project\De #
#                    bug\Obj\stm8l15x_exti.o D:\code\Charge\CHARGE_GPRS\trunk #
#                    \LPDIC-03D02F\Project\Debug\Obj\stm8l15x_flash.o         #
#                    D:\code\Charge\CHARGE_GPRS\trunk\LPDIC-03D02F\Project\De #
#                    bug\Obj\stm8l15x_gpio.o D:\code\Charge\CHARGE_GPRS\trunk #
#                    \LPDIC-03D02F\Project\Debug\Obj\stm8l15x_i2c.o           #
#                    D:\code\Charge\CHARGE_GPRS\trunk\LPDIC-03D02F\Project\De #
#                    bug\Obj\stm8l15x_irtim.o D:\code\Charge\CHARGE_GPRS\trun #
#                    k\LPDIC-03D02F\Project\Debug\Obj\stm8l15x_it.o           #
#                    D:\code\Charge\CHARGE_GPRS\trunk\LPDIC-03D02F\Project\De #
#                    bug\Obj\stm8l15x_itc.o D:\code\Charge\CHARGE_GPRS\trunk\ #
#                    LPDIC-03D02F\Project\Debug\Obj\stm8l15x_iwdg.o           #
#                    D:\code\Charge\CHARGE_GPRS\trunk\LPDIC-03D02F\Project\De #
#                    bug\Obj\stm8l15x_lcd.o D:\code\Charge\CHARGE_GPRS\trunk\ #
#                    LPDIC-03D02F\Project\Debug\Obj\stm8l15x_pwr.o            #
#                    D:\code\Charge\CHARGE_GPRS\trunk\LPDIC-03D02F\Project\De #
#                    bug\Obj\stm8l15x_rst.o D:\code\Charge\CHARGE_GPRS\trunk\ #
#                    LPDIC-03D02F\Project\Debug\Obj\stm8l15x_rtc.o            #
#                    D:\code\Charge\CHARGE_GPRS\trunk\LPDIC-03D02F\Project\De #
#                    bug\Obj\stm8l15x_spi.o D:\code\Charge\CHARGE_GPRS\trunk\ #
#                    LPDIC-03D02F\Project\Debug\Obj\stm8l15x_syscfg.o         #
#                    D:\code\Charge\CHARGE_GPRS\trunk\LPDIC-03D02F\Project\De #
#                    bug\Obj\stm8l15x_tim1.o D:\code\Charge\CHARGE_GPRS\trunk #
#                    \LPDIC-03D02F\Project\Debug\Obj\stm8l15x_tim2.o          #
#                    D:\code\Charge\CHARGE_GPRS\trunk\LPDIC-03D02F\Project\De #
#                    bug\Obj\stm8l15x_tim3.o D:\code\Charge\CHARGE_GPRS\trunk #
#                    \LPDIC-03D02F\Project\Debug\Obj\stm8l15x_tim4.o          #
#                    D:\code\Charge\CHARGE_GPRS\trunk\LPDIC-03D02F\Project\De #
#                    bug\Obj\stm8l15x_tim5.o D:\code\Charge\CHARGE_GPRS\trunk #
#                    \LPDIC-03D02F\Project\Debug\Obj\stm8l15x_usart.o         #
#                    D:\code\Charge\CHARGE_GPRS\trunk\LPDIC-03D02F\Project\De #
#                    bug\Obj\stm8l15x_wfe.o D:\code\Charge\CHARGE_GPRS\trunk\ #
#                    LPDIC-03D02F\Project\Debug\Obj\stm8l15x_wwdg.o           #
#                    D:\code\Charge\CHARGE_GPRS\trunk\LPDIC-03D02F\Project\De #
#                    bug\Obj\task_common.o --redirect _Printf=_PrintfSmall    #
#                    --redirect _Scanf=_ScanfSmall -o                         #
#                    D:\code\Charge\CHARGE_GPRS\trunk\LPDIC-03D02F\Project\De #
#                    bug\Exe\Charge.out --map D:\code\Charge\CHARGE_GPRS\trun #
#                    k\LPDIC-03D02F\Project\Debug\List\Charge.map --log       #
#                    modules --log_file D:\code\Charge\CHARGE_GPRS\trunk\LPDI #
#                    C-03D02F\Project\Debug\List\Charge.log --config          #
#                    "C:\Program Files (x86)\IAR Systems\Embedded Workbench   #
#                    6.5 for stm8\stm8\config\lnkstm8l052r8.icf"              #
#                    --config_def _CSTACK_SIZE=0x400 --config_def             #
#                    _HEAP_SIZE=0x320 --entry __iar_program_start --debug_lib #
#                                                                             #
#                                                                             #
###############################################################################

*******************************************************************************
*** RUNTIME MODEL ATTRIBUTES
***

__Heap_Handler             = Basic
__SystemLibrary            = DLib
__code_model               = medium_or_large
__core                     = stm8
__data_model               = large
__dlib_file_descriptor     = 0
__dlib_full_locale_support = 0
__rt_version               = 4


*******************************************************************************
*** PLACEMENT SUMMARY
***

"A1":  place at start of [0x000000-0x0000ff] { rw section .vregs };
"A2":  place at end of [0x000000-0x000fff] { block CSTACK };
"P2":  place in [from 0x000000 to 0x000fff] {
          block HEAP, rw section .far.bss, rw section .far.data,
          rw section .far.noinit, rw section .far_func.textrw,
          rw section .huge.bss, rw section .huge.data, rw section .huge.noinit,
          rw section .huge_func.textrw, rw section .iar.dynexit,
          rw section .near.bss, rw section .near.data, rw section .near.noinit,
          rw section .near_func.textrw };
"A3":  place at start of [0x008000-0x00ffff] { block INTVEC };
"P3":  place in [from 0x008000 to 0x00ffff] {
          ro section .far.data_init, ro section .far_func.textrw_init,
          ro section .huge.data_init, ro section .huge_func.textrw_init,
          ro section .iar.init_table, ro section .init_array,
          ro section .near.data_init, ro section .near.rodata,
          ro section .near_func.text, ro section .near_func.textrw_init,
          ro section .tiny.data_init, ro section .tiny.rodata_init };
"P4":  place in [from 0x008000 to 0x00ffff repeat 2] {
          ro section .far.rodata, ro section .far_func.text };
"P5":  place in [from 0x008000 to 0x017fff] {
          ro section .huge.rodata, ro section .huge_func.text };

  Section              Kind      Address    Size  Object
  -------              ----      -------    ----  ------
"A1":                                       0x10
  .vregs               uninit   0x000000    0x10  vregs.o [4]
                              - 0x000010    0x10

"P2", part 1 of 3:                          0x91
  P2 s0                         0x000010    0x91  <Init block>
    .huge_func.textrw  inited   0x000010    0x75  bsp_mem.o [1]
    .near.data         inited   0x000085    0x18  task_common.o [1]
    .near.data         inited   0x00009d     0x4  stm8l15x_it.o [1]
                              - 0x0000a1    0x91

"P2", part 2 of 3:                         0x705
  .near.bss            zero     0x0000a1   0x46f  app_comm_g510.o [1]
  .near.bss            zero     0x000510   0x111  bsp_uart.o [1]
  .near.bss            zero     0x000621   0x10e  bsp_uart.o [1]
  .near.bss            zero     0x00072f    0x27  app_comm_pc.o [1]
  .near.bss            zero     0x000756     0xc  bsp_mem.o [1]
  .near.bss            zero     0x000762     0xa  bsp_ymodem.o [1]
  .near.bss            zero     0x00076c     0x8  task_common.o [1]
  .near.bss            zero     0x000774     0x7  bsp_tim.o [1]
  .far.bss             zero     0x00077b     0x6  xxmemxmalloc.o [4]
  .near.bss            zero     0x000781     0x4  bsp_adc.o [1]
  .near.bss            zero     0x000785     0x4  bsp_ymodem.o [1]
  .near.bss            zero     0x000789     0x3  xgetmemchunk.o [4]
  .near.bss            zero     0x00078c     0x2  bsp_tim.o [1]
  .near.bss            zero     0x00078e     0x2  bsp_var.o [1]
  .near.bss            zero     0x000790     0x2  bsp_var.o [1]
  .near.bss            zero     0x000792     0x2  bsp_var.o [1]
  .near.bss            zero     0x000794     0x2  bsp_var.o [1]
  .near.bss            zero     0x000796     0x2  errno.o [4]
  .near.bss            zero     0x000798     0x1  6 task_communicate.o [1]
  .near.bss            zero     0x000799     0x1  6 task_communicate.o [1]
  .near.bss            zero     0x00079a     0x1  8 task_interaction.o [1]
  .near.bss            zero     0x00079b     0x1  app_comm_g510.o [1]
  .near.bss            zero     0x00079c     0x1  app_comm_g510.o [1]
  .near.bss            zero     0x00079d     0x1  app_comm_g510.o [1]
  .near.bss            zero     0x00079e     0x1  app_comm_g510.o [1]
  .near.bss            zero     0x00079f     0x1  app_comm_pc.o [1]
  .near.bss            zero     0x0007a0     0x1  bsp_led.o [1]
  .near.bss            zero     0x0007a1     0x1  bsp_led.o [1]
  .near.bss            zero     0x0007a2     0x1  bsp_task.o [1]
  .near.bss            zero     0x0007a3     0x1  bsp_tim.o [1]
  .near.bss            zero     0x0007a4     0x1  bsp_ymodem.o [1]
  .near.bss            zero     0x0007a5     0x1  task_common.o [1]
                              - 0x0007a6   0x705

"P2", part 3 of 3:                         0x323
  .near.noinit         uninit   0x0007a6     0x2  bsp_var.o [1]
  .near.noinit         uninit   0x0007a8     0x1  bsp_var.o [1]
  HEAP                          0x0007a9   0x320  <Block>
    HEAP               uninit   0x0007a9   0x320  <Block tail>
                              - 0x000ac9   0x323

"A2":                                      0x400
  CSTACK                        0x000c00   0x400  <Block>
    CSTACK             uninit   0x000c00   0x400  <Block tail>
                              - 0x001000   0x400

"A3":                                       0x80
  INTVEC                        0x008000    0x80  <Block>
    .intvec            const    0x008000    0x80  interrupt.o [4]
                              - 0x008080    0x80

"P3":                                       0xa6
  .iar.init_table      const    0x008080    0x15  - Linker created -
  Initializer bytes    ro data  0x008095    0x91  <for P2 s0>
                              - 0x008126    0xa6

"P4":                                     0x1b71
  .far_func.text       ro code  0x008126   0x2bd  xstoul.o [4]
  .far_func.text       ro code  0x0083e3   0x21e  long.o [4]
  .far_func.text       ro code  0x008601   0x20f  vreg_util.o [4]
  .far_func.text       ro code  0x008810   0x1d0  xxmemxfree.o [4]
  .far_func.text       ro code  0x0089e0   0x132  xxmemxmalloc.o [4]
  .far.rodata          const    0x008b12   0x100  task_common.o [1]
  .far_func.text       ro code  0x008c12    0xd5  xxmemxmalloc.o [4]
  .far.rodata          const    0x008ce7    0xcf  app_comm_g510.o [1]
  .far_func.text       ro code  0x008db6    0xb3  xgetmemchunk.o [4]
  .far_func.text       ro code  0x008e69    0xac  long_util.o [4]
  .far_func.text       ro code  0x008f15    0x8e  strstr.o [4]
  .far_func.text       ro code  0x008fa3    0x7e  far_util.o [4]
  .far_func.text       ro code  0x009021    0x58  dc_util.o [4]
  .far.rodata          const    0x009079    0x4c  app_comm_g510.o [1]
  .far.rodata          const    0x0090c5    0x43  app_comm_g510.o [1]
  .far_func.text       ro code  0x009108    0x42  init.o [4]
  .far.rodata          const    0x00914a    0x41  app_comm_g510.o [1]
  .far.rodata          const    0x00918b    0x3f  app_comm_g510.o [1]
  .far.rodata          const    0x0091ca    0x3a  app_comm_g510.o [1]
  .far_func.text       ro code  0x009204    0x31  memcpy.o [4]
  .far.rodata          const    0x009235    0x30  app_comm_g510.o [1]
  .far.rodata          const    0x009265    0x2d  app_comm_g510.o [1]
  .far.rodata          const    0x009292    0x2d  app_comm_g510.o [1]
  .far.rodata          const    0x0092bf    0x2d  bsp_ymodem.o [1]
  .far.rodata          const    0x0092ec    0x2c  bsp_tim.o [1]
  .far.rodata          const    0x009318    0x2b  app_comm_g510.o [1]
  .far.rodata          const    0x009343    0x2b  app_comm_g510.o [1]
  .far_func.text       ro code  0x00936e    0x2a  init.o [4]
  .far.rodata          const    0x009398    0x29  app_comm_g510.o [1]
  .far.rodata          const    0x0093c1    0x28  bsp_var.o [1]
  .far_func.text       ro code  0x0093e9    0x28  strcpy.o [4]
  .far.rodata          const    0x009411    0x27  bsp_var.o [1]
  .far.rodata          const    0x009438    0x26  bsp_gprs.o [1]
  .far_func.text       ro code  0x00945e    0x26  short.o [4]
  .far.rodata          const    0x009484    0x25  xstoul.o [4]
  .far.rodata          const    0x0094a9    0x25  xstoul.o [4]
  .far.rodata          const    0x0094ce    0x24  bsp_gprs.o [1]
  .far_func.text       ro code  0x0094f2    0x22  memchr.o [4]
  .far.rodata          const    0x009514    0x20  app_comm_g510.o [1]
  .far.rodata          const    0x009534    0x20  crc16.o [1]
  .far.rodata          const    0x009554    0x1e  app_comm_g510.o [1]
  .far.rodata          const    0x009572    0x1e  app_comm_g510.o [1]
  .far.rodata          const    0x009590    0x1e  app_comm_g510.o [1]
  .far.rodata          const    0x0095ae    0x1e  app_comm_g510.o [1]
  .far_func.text       ro code  0x0095cc    0x1e  init.o [4]
  .far.rodata          const    0x0095ea    0x1d  app_comm_g510.o [1]
  .far.rodata          const    0x009607    0x1c  app_comm_g510.o [1]
  .far.rodata          const    0x009623    0x1c  bsp_tim.o [1]
  .far_func.text       ro code  0x00963f    0x1c  xxmemxfree.o [4]
  .far.rodata          const    0x00965b    0x1b  app_comm_g510.o [1]
  .far.rodata          const    0x009676    0x1b  app_comm_g510.o [1]
  .far_func.text       ro code  0x009691    0x1b  strlen.o [4]
  .far_func.text       ro code  0x0096ac    0x1a  xxmemxfree.o [4]
  .far_func.text       ro code  0x0096c6    0x1a  memset.o [4]
  .far_func.text       ro code  0x0096e0    0x1a  __dbg_xxexit.o [3]
  .far.rodata          const    0x0096fa    0x19  app_comm_g510.o [1]
  .far.rodata          const    0x009713    0x19  bsp_adc.o [1]
  .far.rodata          const    0x00972c    0x18  app_comm_g510.o [1]
  .far.rodata          const    0x009744    0x18  app_comm_g510.o [1]
  .far.rodata          const    0x00975c    0x18  app_comm_g510.o [1]
  .far.rodata          const    0x009774    0x18  bsp_adc.o [1]
  .far.rodata          const    0x00978c    0x18  bsp_common.o [1]
  .far.rodata          const    0x0097a4    0x17  app_comm_g510.o [1]
  .far.rodata          const    0x0097bb    0x17  app_comm_g510.o [1]
  .far.rodata          const    0x0097d2    0x17  bsp_adc.o [1]
  .far_func.text       ro code  0x0097e9    0x17  cstartup.o [4]
  .far_func.text       ro code  0x009800    0x16  xxmemxfree.o [4]
  .far_func.text       ro code  0x009816    0x16  xxmemxmalloc.o [4]
  .far_func.text       ro code  0x00982c    0x16  xxmemxmalloc.o [4]
  .far_func.text       ro code  0x009842    0x16  xxmemxmalloc.o [4]
  .far.rodata          const    0x009858    0x15  app_comm_g510.o [1]
  .far.rodata          const    0x00986d    0x14  app_comm_g510.o [1]
  .far.rodata          const    0x009881    0x13  app_comm_g510.o [1]
  .far_func.text       ro code  0x009894    0x13  move.o [4]
  .far_func.text       ro code  0x0098a7    0x13  xxmemxmalloc.o [4]
  .far.rodata          const    0x0098ba    0x12  app_comm_g510.o [1]
  .far.rodata          const    0x0098cc    0x12  app_comm_g510.o [1]
  .far.rodata          const    0x0098de    0x12  app_comm_g510.o [1]
  .far.rodata          const    0x0098f0    0x11  app_comm_g510.o [1]
  .far.rodata          const    0x009901    0x11  bsp_adc.o [1]
  .far.rodata          const    0x009912    0x11  bsp_tim.o [1]
  .far.rodata          const    0x009923    0x11  bsp_uart.o [1]
  .far_func.text       ro code  0x009934    0x11  atoi.o [4]
  .far.rodata          const    0x009945    0x10  app_comm_g510.o [1]
  .far.rodata          const    0x009955    0x10  app_comm_g510.o [1]
  .far.rodata          const    0x009965    0x10  app_comm_g510.o [1]
  .far.rodata          const    0x009975    0x10  bsp_adc.o [1]
  .far_func.text       ro code  0x009985    0x10  xxmemxfree.o [4]
  .far_func.text       ro code  0x009995    0x10  xxmemxfree.o [4]
  .far_func.text       ro code  0x0099a5    0x10  xxmemxmalloc.o [4]
  .far.rodata          const    0x0099b5     0xf  app_comm_g510.o [1]
  .far.rodata          const    0x0099c4     0xf  app_comm_g510.o [1]
  .far_func.text       ro code  0x0099d3     0xf  xxmemxfree.o [4]
  .far_func.text       ro code  0x0099e2     0xf  xxmemxmalloc.o [4]
  .far_func.text       ro code  0x0099f1     0xf  xxmemxmalloc.o [4]
  .far_func.text       ro code  0x009a00     0xf  xgetmemchunk.o [4]
  .far.rodata          const    0x009a0f     0xe  app_comm_g510.o [1]
  .far.rodata          const    0x009a1d     0xe  app_comm_g510.o [1]
  .far.rodata          const    0x009a2b     0xe  app_comm_g510.o [1]
  .far.rodata          const    0x009a39     0xe  app_comm_g510.o [1]
  .far.rodata          const    0x009a47     0xe  app_comm_g510.o [1]
  .far_func.text       ro code  0x009a55     0xe  xstoul.o [4]
  .far.rodata          const    0x009a63     0xd  app_comm_g510.o [1]
  .far_func.text       ro code  0x009a70     0xd  xxmemxmalloc.o [4]
  .far_func.text       ro code  0x009a7d     0xd  xgetmemchunk.o [4]
  .far_func.text       ro code  0x009a8a     0xd  xstoul.o [4]
  .far.rodata          const    0x009a97     0xc  app_comm_g510.o [1]
  .far.rodata          const    0x009aa3     0xc  app_comm_g510.o [1]
  .far.rodata          const    0x009aaf     0xc  app_comm_g510.o [1]
  .far.rodata          const    0x009abb     0xc  app_comm_g510.o [1]
  .far.rodata          const    0x009ac7     0xc  bsp_ymodem.o [1]
  .far_func.text       ro code  0x009ad3     0xc  xxmemxfree.o [4]
  .far_func.text       ro code  0x009adf     0xc  xxmemxmalloc.o [4]
  .far.rodata          const    0x009aeb     0xb  app_comm_g510.o [1]
  .far.rodata          const    0x009af6     0xb  app_comm_g510.o [1]
  .far.rodata          const    0x009b01     0xb  app_comm_g510.o [1]
  .far.rodata          const    0x009b0c     0xb  app_comm_g510.o [1]
  .far.rodata          const    0x009b17     0xb  app_comm_g510.o [1]
  .far.rodata          const    0x009b22     0xb  app_comm_g510.o [1]
  .far.rodata          const    0x009b2d     0xb  app_comm_g510.o [1]
  .far.rodata          const    0x009b38     0xb  app_comm_g510.o [1]
  .far.rodata          const    0x009b43     0xb  app_comm_g510.o [1]
  .far.rodata          const    0x009b4e     0xb  app_comm_g510.o [1]
  .far_func.text       ro code  0x009b59     0xb  xxmemxmalloc.o [4]
  .far_func.text       ro code  0x009b64     0xb  xstoul.o [4]
  .far_func.text       ro code  0x009b6f     0xb  init.o [4]
  .far.rodata          const    0x009b7a     0xa  app_comm_g510.o [1]
  .far.rodata          const    0x009b84     0xa  app_comm_g510.o [1]
  .far.rodata          const    0x009b8e     0xa  stm8l15x_it.o [1]
  .far_func.text       ro code  0x009b98     0xa  far.o [4]
  .far_func.text       ro code  0x009ba2     0xa  xxmemxmalloc.o [4]
  .far.rodata          const    0x009bac     0x9  app_comm_g510.o [1]
  .far.rodata          const    0x009bb5     0x9  app_comm_g510.o [1]
  .far_func.text       ro code  0x009bbe     0x9  strstr.o [4]
  .far_func.text       ro code  0x009bc7     0x9  xxmemxfree.o [4]
  .far.rodata          const    0x009bd0     0x8  bsp_ymodem.o [1]
  .far_func.text       ro code  0x009bd8     0x8  xxmemxmalloc.o [4]
  .far.rodata          const    0x009be0     0x7  app_comm_g510.o [1]
  .far.rodata          const    0x009be7     0x7  app_comm_g510.o [1]
  .far.rodata          const    0x009bee     0x7  app_comm_g510.o [1]
  .far.rodata          const    0x009bf5     0x7  bsp_adc.o [1]
  .far.rodata          const    0x009bfc     0x7  bsp_tim.o [1]
  .far.rodata          const    0x009c03     0x7  bsp_var.o [1]
  .far_func.text       ro code  0x009c0a     0x7  xxmemxfree.o [4]
  .far_func.text       ro code  0x009c11     0x7  xxmemxmalloc.o [4]
  .far.rodata          const    0x009c18     0x6  app_comm_g510.o [1]
  .far.rodata          const    0x009c1e     0x6  app_comm_g510.o [1]
  .far.rodata          const    0x009c24     0x6  app_comm_g510.o [1]
  .far.rodata          const    0x009c2a     0x6  app_comm_g510.o [1]
  .far.rodata          const    0x009c30     0x6  app_comm_g510.o [1]
  .far.rodata          const    0x009c36     0x6  bsp_adc.o [1]
  .far_func.text       ro code  0x009c3c     0x6  cexit.o [4]
  .far.rodata          const    0x009c42     0x5  app_comm_g510.o [1]
  .far.rodata          const    0x009c47     0x5  app_comm_g510.o [1]
  .far.rodata          const    0x009c4c     0x5  app_comm_g510.o [1]
  .far.rodata          const    0x009c51     0x5  stm8l15x_clk.o [1]
  .far_func.text       ro code  0x009c56     0x5  xxmemxfree.o [4]
  .far_func.text       ro code  0x009c5b     0x5  xxmemxmalloc.o [4]
  .far_func.text       ro code  0x009c60     0x5  xxmemxmalloc.o [4]
  .far.rodata          const    0x009c65     0x4  app_comm_g510.o [1]
  .far.rodata          const    0x009c69     0x4  app_comm_g510.o [1]
  .far.rodata          const    0x009c6d     0x4  app_comm_g510.o [1]
  .far.rodata          const    0x009c71     0x4  bsp_var.o [1]
  .far.rodata          const    0x009c75     0x4  bsp_var.o [1]
  .far_func.text       ro code  0x009c79     0x4  interrupt.o [4]
  .far_func.text       ro code  0x009c7d     0x4  exit.o [4]
  .far.rodata          const    0x009c81     0x3  app_comm_g510.o [1]
  .far.rodata          const    0x009c84     0x3  app_comm_g510.o [1]
  .far.rodata          const    0x009c87     0x3  bsp_ymodem.o [1]
  .far_func.text       ro code  0x009c8a     0x3  low_level_init.o [4]
  .far_func.text       ro code  0x009c8d     0x3  unhandled_exception.o [4]
  .far.rodata          const    0x009c90     0x2  app_comm_g510.o [1]
  .far.rodata          const    0x009c92     0x2  app_comm_g510.o [1]
  .far.rodata          const    0x009c94     0x2  app_comm_g510.o [1]
  .far_func.text       ro code  0x009c96     0x1  __dbg_break.o [3]
                              - 0x009c97  0x1b71

"P5":                                     0x5a64
  .huge_func.text      ro code  0x009c97   0xa49  app_comm_g510.o [1]
  .huge_func.text      ro code  0x00a6e0   0x462  app_comm_g510.o [1]
  .huge_func.text      ro code  0x00ab42   0x329  app_comm_g510.o [1]
  .huge_func.text      ro code  0x00ae6b   0x321  app_comm_pc.o [1]
  .huge_func.text      ro code  0x00b18c   0x2db  app_comm_g510.o [1]
  .huge_func.text      ro code  0x00b467   0x25a  app_comm_g510.o [1]
  .huge_func.text      ro code  0x00b6c1   0x249  app_comm_g510.o [1]
  .huge_func.text      ro code  0x00b90a   0x1e0  app_common.o [1]
  .huge_func.text      ro code  0x00baea   0x1cc  app_comm_g510.o [1]
  .huge_func.text      ro code  0x00bcb6   0x1a5  5 task_measure.o [1]
  .huge_func.text      ro code  0x00be5b   0x15d  bsp_uart.o [1]
  .huge_func.text      ro code  0x00bfb8   0x156  bsp_ymodem.o [1]
  .huge_func.text      ro code  0x00c10e   0x14a  app_comm_pc.o [1]
  .huge_func.text      ro code  0x00c258   0x14a  stm8l15x_it.o [1]
  .huge_func.text      ro code  0x00c3a2   0x144  app_comm_g510.o [1]
  .huge_func.text      ro code  0x00c4e6   0x124  bsp_ymodem.o [1]
  .huge_func.text      ro code  0x00c60a   0x115  app_comm_g510.o [1]
  .huge_func.text      ro code  0x00c71f   0x110  app_comm_g510.o [1]
  .huge_func.text      ro code  0x00c82f   0x109  stm8l15x_adc.o [1]
  .huge_func.text      ro code  0x00c938   0x108  app_comm_g510.o [1]
  .huge_func.text      ro code  0x00ca40   0x108  stm8l15x_usart.o [1]
  .huge_func.text      ro code  0x00cb48   0x103  bsp_ymodem.o [1]
  .huge_func.text      ro code  0x00cc4b   0x102  6 task_communicate.o [1]
  .huge_func.text      ro code  0x00cd4d    0xf5  bsp_mem.o [1]
  .huge_func.text      ro code  0x00ce42    0xf2  app_comm_g510.o [1]
  .huge_func.text      ro code  0x00cf34    0xed  bsp_tim.o [1]
  .huge_func.text      ro code  0x00d021    0xdc  bsp_adc.o [1]
  .huge_func.text      ro code  0x00d0fd    0xd8  bsp_mem.o [1]
  .huge_func.text      ro code  0x00d1d5    0xd6  bsp_adc.o [1]
  .huge_func.text      ro code  0x00d2ab    0xd5  app_common.o [1]
  .huge_func.text      ro code  0x00d380    0xce  bsp_adc.o [1]
  .huge_func.text      ro code  0x00d44e    0xc9  app_comm_pc.o [1]
  .huge_func.text      ro code  0x00d517    0xc7  crc16.o [1]
  .huge_func.text      ro code  0x00d5de    0xbb  stm8l15x_gpio.o [1]
  .huge_func.text      ro code  0x00d699    0xb7  bsp_adc.o [1]
  .huge_func.text      ro code  0x00d750    0xb2  stm8l15x_it.o [1]
  .huge_func.text      ro code  0x00d802    0xac  app_comm_pc.o [1]
  .huge_func.text      ro code  0x00d8ae    0xaa  app_comm_g510.o [1]
  .huge_func.text      ro code  0x00d958    0xa5  stm8l15x_usart.o [1]
  .huge_func.text      ro code  0x00d9fd    0xa3  bsp_ymodem.o [1]
  .huge_func.text      ro code  0x00daa0    0xa3  stm8l15x_usart.o [1]
  .huge_func.text      ro code  0x00db43    0x9e  app_comm_g510.o [1]
  .huge_func.text      ro code  0x00dbe1    0x96  bsp_mem.o [1]
  .huge_func.text      ro code  0x00dc77    0x8f  bsp_var.o [1]
  .huge_func.text      ro code  0x00dd06    0x8b  bsp_var.o [1]
  .huge_func.text      ro code  0x00dd91    0x87  app_comm_g510.o [1]
  .huge_func.text      ro code  0x00de18    0x83  app_comm_g510.o [1]
  .huge_func.text      ro code  0x00de9b    0x81  2 task_control.o [1]
  .huge_func.text      ro code  0x00df1c    0x7c  bsp_uart.o [1]
  .huge_func.text      ro code  0x00df98    0x7c  stm8l15x_it.o [1]
  .huge_func.text      ro code  0x00e014    0x7b  bsp_adc.o [1]
  .huge_func.text      ro code  0x00e08f    0x7b  bsp_led.o [1]
  .huge_func.text      ro code  0x00e10a    0x7a  bsp_uart.o [1]
  .huge_func.text      ro code  0x00e184    0x74  app_comm_g510.o [1]
  .huge_func.text      ro code  0x00e1f8    0x71  stm8l15x_clk.o [1]
  .huge_func.text      ro code  0x00e269    0x6c  app_common.o [1]
  .huge_func.text      ro code  0x00e2d5    0x6c  bsp_gpio.o [1]
  .huge_func.text      ro code  0x00e341    0x6c  bsp_mem.o [1]
  .huge_func.text      ro code  0x00e3ad    0x6c  bsp_mem.o [1]
  .huge_func.text      ro code  0x00e419    0x6c  bsp_ymodem.o [1]
  .huge_func.text      ro code  0x00e485    0x6b  app_common.o [1]
  .huge_func.text      ro code  0x00e4f0    0x69  bsp_adc.o [1]
  .huge_func.text      ro code  0x00e559    0x63  bsp_task.o [1]
  .huge_func.text      ro code  0x00e5bc    0x61  app_common.o [1]
  .huge_func.text      ro code  0x00e61d    0x5a  bsp_gprs.o [1]
  .huge_func.text      ro code  0x00e677    0x59  bsp_uart.o [1]
  .huge_func.text      ro code  0x00e6d0    0x57  app_common.o [1]
  .huge_func.text      ro code  0x00e727    0x51  bsp_adc.o [1]
  .huge_func.text      ro code  0x00e778    0x51  bsp_mem.o [1]
  .huge_func.text      ro code  0x00e7c9    0x50  app_comm_g510.o [1]
  .huge_func.text      ro code  0x00e819    0x4f  stm8l15x_clk.o [1]
  .huge_func.text      ro code  0x00e868    0x4f  stm8l15x_clk.o [1]
  .huge_func.text      ro code  0x00e8b7    0x4e  bsp_uart.o [1]
  .huge_func.text      ro code  0x00e905    0x4b  main.o [1]
  .huge_func.text      ro code  0x00e950    0x4a  8 task_interaction.o [1]
  .huge_func.text      ro code  0x00e99a    0x48  app_comm_g510.o [1]
  .huge_func.text      ro code  0x00e9e2    0x48  stm8l15x_adc.o [1]
  .huge_func.text      ro code  0x00ea2a    0x47  bsp_uart.o [1]
  .huge_func.text      ro code  0x00ea71    0x3e  bsp_common.o [1]
  .huge_func.text      ro code  0x00eaaf    0x3e  crc16.o [1]
  .huge_func.text      ro code  0x00eaed    0x3c  app_common.o [1]
  .huge_func.text      ro code  0x00eb29    0x3b  1 task_safeguard.o [1]
  .huge_func.text      ro code  0x00eb64    0x3b  3 task_mem_read.o [1]
  .huge_func.text      ro code  0x00eb9f    0x3b  4 task_mem_write.o [1]
  .huge_func.text      ro code  0x00ebda    0x3b  7 task_net_connect.o [1]
  .huge_func.text      ro code  0x00ec15    0x3b  bsp_ymodem.o [1]
  .huge_func.text      ro code  0x00ec50    0x3b  stm8l15x_adc.o [1]
  .huge_func.text      ro code  0x00ec8b    0x3b  stm8l15x_it.o [1]
  .huge_func.text      ro code  0x00ecc6    0x39  bsp_tim.o [1]
  .huge_func.text      ro code  0x00ecff    0x39  stm8l15x_it.o [1]
  .huge_func.text      ro code  0x00ed38    0x37  bsp_ymodem.o [1]
  .huge_func.text      ro code  0x00ed6f    0x33  stm8l15x_adc.o [1]
  .huge_func.text      ro code  0x00eda2    0x33  stm8l15x_adc.o [1]
  .huge_func.text      ro code  0x00edd5    0x32  stm8l15x_tim2.o [1]
  .huge_func.text      ro code  0x00ee07    0x32  stm8l15x_tim3.o [1]
  .huge_func.text      ro code  0x00ee39    0x30  app_common.o [1]
  .huge_func.text      ro code  0x00ee69    0x2f  bsp_led.o [1]
  .huge_func.text      ro code  0x00ee98    0x2e  app_common.o [1]
  .huge_func.text      ro code  0x00eec6    0x2e  bsp_uart.o [1]
  .huge_func.text      ro code  0x00eef4    0x2e  bsp_uart.o [1]
  .huge_func.text      ro code  0x00ef22    0x2c  bsp_gpio.o [1]
  .huge_func.text      ro code  0x00ef4e    0x2c  stm8l15x_adc.o [1]
  .huge_func.text      ro code  0x00ef7a    0x2c  stm8l15x_usart.o [1]
  .huge_func.text      ro code  0x00efa6    0x2a  bsp_tim.o [1]
  .huge_func.text      ro code  0x00efd0    0x29  stm8l15x_it.o [1]
  .huge_func.text      ro code  0x00eff9    0x29  stm8l15x_it.o [1]
  .huge_func.text      ro code  0x00f022    0x29  stm8l15x_it.o [1]
  .huge_func.text      ro code  0x00f04b    0x29  stm8l15x_it.o [1]
  .huge_func.text      ro code  0x00f074    0x29  stm8l15x_it.o [1]
  .huge_func.text      ro code  0x00f09d    0x29  stm8l15x_rtc.o [1]
  .huge_func.text      ro code  0x00f0c6    0x28  app_comm_g510.o [1]
  .huge_func.text      ro code  0x00f0ee    0x28  bsp_adc.o [1]
  .huge_func.text      ro code  0x00f116    0x28  bsp_var.o [1]
  .huge_func.text      ro code  0x00f13e    0x27  app_common.o [1]
  .huge_func.text      ro code  0x00f165    0x27  stm8l15x_it.o [1]
  .huge_func.text      ro code  0x00f18c    0x27  stm8l15x_it.o [1]
  .huge_func.text      ro code  0x00f1b3    0x26  app_comm_g510.o [1]
  .huge_func.text      ro code  0x00f1d9    0x25  app_common.o [1]
  .huge_func.text      ro code  0x00f1fe    0x24  bsp_gpio.o [1]
  .huge_func.text      ro code  0x00f222    0x24  stm8l15x_tim2.o [1]
  .huge_func.text      ro code  0x00f246    0x24  stm8l15x_tim3.o [1]
  .huge_func.text      ro code  0x00f26a    0x23  bsp_ymodem.o [1]
  .huge_func.text      ro code  0x00f28d    0x22  app_common.o [1]
  .huge_func.text      ro code  0x00f2af    0x22  stm8l15x_usart.o [1]
  .huge_func.text      ro code  0x00f2d1    0x20  bsp_gprs.o [1]
  .huge_func.text      ro code  0x00f2f1    0x20  bsp_gprs.o [1]
  .huge_func.text      ro code  0x00f311    0x20  bsp_uart.o [1]
  .huge_func.text      ro code  0x00f331    0x20  stm8l15x_adc.o [1]
  .huge_func.text      ro code  0x00f351    0x20  stm8l15x_exti.o [1]
  .huge_func.text      ro code  0x00f371    0x20  stm8l15x_tim3.o [1]
  .huge_func.text      ro code  0x00f391    0x20  stm8l15x_tim5.o [1]
  .huge_func.text      ro code  0x00f3b1    0x1f  app_common.o [1]
  .huge_func.text      ro code  0x00f3d0    0x1e  bsp_iwdg.o [1]
  .huge_func.text      ro code  0x00f3ee    0x1e  stm8l15x_gpio.o [1]
  .huge_func.text      ro code  0x00f40c    0x1e  stm8l15x_it.o [1]
  .huge_func.text      ro code  0x00f42a    0x1e  stm8l15x_it.o [1]
  .huge_func.text      ro code  0x00f448    0x1e  stm8l15x_tim2.o [1]
  .huge_func.text      ro code  0x00f466    0x1d  bsp_common.o [1]
  .huge_func.text      ro code  0x00f483    0x1c  stm8l15x_adc.o [1]
  .huge_func.text      ro code  0x00f49f    0x19  stm8l15x_adc.o [1]
  .huge_func.text      ro code  0x00f4b8    0x19  stm8l15x_adc.o [1]
  .huge_func.text      ro code  0x00f4d1    0x19  stm8l15x_clk.o [1]
  .huge_func.text      ro code  0x00f4ea    0x19  stm8l15x_tim2.o [1]
  .huge_func.text      ro code  0x00f503    0x19  stm8l15x_tim2.o [1]
  .huge_func.text      ro code  0x00f51c    0x19  stm8l15x_tim3.o [1]
  .huge_func.text      ro code  0x00f535    0x19  stm8l15x_tim3.o [1]
  .huge_func.text      ro code  0x00f54e    0x18  stm8l15x_exti.o [1]
  .huge_func.text      ro code  0x00f566    0x15  bsp_adc.o [1]
  .huge_func.text      ro code  0x00f57b    0x15  bsp_mem.o [1]
  .huge_func.text      ro code  0x00f590    0x15  bsp_mem.o [1]
  .huge_func.text      ro code  0x00f5a5    0x15  bsp_rcc.o [1]
  .huge_func.text      ro code  0x00f5ba    0x15  bsp_ymodem.o [1]
  .huge_func.text      ro code  0x00f5cf    0x14  bsp_tim.o [1]
  .huge_func.text      ro code  0x00f5e3    0x12  bsp_gpio.o [1]
  .huge_func.text      ro code  0x00f5f5     0xf  stm8l15x_adc.o [1]
  .huge_func.text      ro code  0x00f604     0xf  stm8l15x_tim3.o [1]
  .huge_func.text      ro code  0x00f613     0xe  stm8l15x_gpio.o [1]
  .huge_func.text      ro code  0x00f621     0xd  stm8l15x_gpio.o [1]
  .huge_func.text      ro code  0x00f62e     0xd  stm8l15x_gpio.o [1]
  .huge_func.text      ro code  0x00f63b     0xd  stm8l15x_usart.o [1]
  .huge_func.text      ro code  0x00f648     0xd  stm8l15x_usart.o [1]
  .huge_func.text      ro code  0x00f655     0xb  bsp_mem.o [1]
  .huge_func.text      ro code  0x00f660     0xb  bsp_mem.o [1]
  .huge_func.text      ro code  0x00f66b     0xb  stm8l15x_adc.o [1]
  .huge_func.text      ro code  0x00f676     0xb  stm8l15x_usart.o [1]
  .huge_func.text      ro code  0x00f681     0x9  bsp_var.o [1]
  .huge_func.text      ro code  0x00f68a     0x7  stm8l15x_iwdg.o [1]
  .huge_func.text      ro code  0x00f691     0x7  stm8l15x_iwdg.o [1]
  .huge_func.text      ro code  0x00f698     0x7  stm8l15x_usart.o [1]
  .huge_func.text      ro code  0x00f69f     0x6  bsp_ymodem.o [1]
  .huge_func.text      ro code  0x00f6a5     0x6  bsp_ymodem.o [1]
  .huge_func.text      ro code  0x00f6ab     0x6  bsp_ymodem.o [1]
  .huge_func.text      ro code  0x00f6b1     0x6  bsp_ymodem.o [1]
  .huge_func.text      ro code  0x00f6b7     0x6  stm8l15x_tim2.o [1]
  .huge_func.text      ro code  0x00f6bd     0x6  stm8l15x_tim3.o [1]
  .huge_func.text      ro code  0x00f6c3     0x6  stm8l15x_tim5.o [1]
  .huge_func.text      ro code  0x00f6c9     0x5  stm8l15x_clk.o [1]
  .huge_func.text      ro code  0x00f6ce     0x5  stm8l15x_clk.o [1]
  .huge_func.text      ro code  0x00f6d3     0x5  stm8l15x_flash.o [1]
  .huge_func.text      ro code  0x00f6d8     0x5  stm8l15x_iwdg.o [1]
  .huge_func.text      ro code  0x00f6dd     0x5  stm8l15x_iwdg.o [1]
  .huge_func.text      ro code  0x00f6e2     0x5  stm8l15x_iwdg.o [1]
  .huge_func.text      ro code  0x00f6e7     0x4  bsp_ymodem.o [1]
  .huge_func.text      ro code  0x00f6eb     0x1  stm8l15x_it.o [1]
  .huge_func.text      ro code  0x00f6ec     0x1  stm8l15x_it.o [1]
  .huge_func.text      ro code  0x00f6ed     0x1  stm8l15x_it.o [1]
  .huge_func.text      ro code  0x00f6ee     0x1  stm8l15x_it.o [1]
  .huge_func.text      ro code  0x00f6ef     0x1  stm8l15x_it.o [1]
  .huge_func.text      ro code  0x00f6f0     0x1  stm8l15x_it.o [1]
  .huge_func.text      ro code  0x00f6f1     0x1  stm8l15x_it.o [1]
  .huge_func.text      ro code  0x00f6f2     0x1  stm8l15x_it.o [1]
  .huge_func.text      ro code  0x00f6f3     0x1  stm8l15x_it.o [1]
  .huge_func.text      ro code  0x00f6f4     0x1  stm8l15x_it.o [1]
  .huge_func.text      ro code  0x00f6f5     0x1  stm8l15x_it.o [1]
  .huge_func.text      ro code  0x00f6f6     0x1  stm8l15x_it.o [1]
  .huge_func.text      ro code  0x00f6f7     0x1  stm8l15x_it.o [1]
  .huge_func.text      ro code  0x00f6f8     0x1  stm8l15x_it.o [1]
  .huge_func.text      ro code  0x00f6f9     0x1  stm8l15x_it.o [1]
  .huge_func.text      ro code  0x00f6fa     0x1  stm8l15x_it.o [1]
                              - 0x00f6fb  0x5a64


*******************************************************************************
*** INIT TABLE
***

          Address   Size
          -------   ----
Zero (__iar_zero_init2)
    1 destination range, total size 0x705:
          0x0000a1  0x705

Copy (__iar_copy_init2)
    1 source range, total size 0x91:
          0x008095   0x91
    1 destination range, total size 0x91:
          0x000010   0x91



*******************************************************************************
*** MODULE SUMMARY
***

    Module                 ro code  rw code  ro data  rw data
    ------                 -------  -------  -------  -------
D:\code\Charge\CHARGE_GPRS\trunk\LPDIC-03D02F\Project\Debug\Obj: [1]
    1 task_safeguard.o          59
    2 task_control.o           129
    3 task_mem_read.o           59
    4 task_mem_write.o          59
    5 task_measure.o           421
    6 task_communicate.o       258                          2
    7 task_net_connect.o        59
    8 task_interaction.o        74                          1
    app_comm_g510.o          9 261             1 785    1 139
    app_comm_pc.o            1 504                         40
    app_common.o             1 387
    bsp_adc.o                1 193               118        4
    bsp_common.o                91                24
    bsp_gpio.o                 206
    bsp_gprs.o                 154                74
    bsp_iwdg.o                  30
    bsp_led.o                  170                          2
    bsp_mem.o                  972      117      117       12
    bsp_rcc.o                   21
    bsp_task.o                  99                          1
    bsp_tim.o                  356                96       10
    bsp_uart.o                 957                17      543
    bsp_var.o                  331                94       11
    bsp_ymodem.o             1 362                68       15
    crc16.o                    261                32
    main.o                      75
    stm8l15x_adc.o             678
    stm8l15x_clk.o             306                 5
    stm8l15x_exti.o             56
    stm8l15x_flash.o             5
    stm8l15x_gpio.o            257
    stm8l15x_it.o            1 107                14        4
    stm8l15x_iwdg.o             29
    stm8l15x_rtc.o              41
    stm8l15x_tim2.o            172
    stm8l15x_tim3.o            189
    stm8l15x_tim5.o             38
    stm8l15x_usart.o           714
    task_common.o                                280       33
    ---------------------------------------------------------
    Total:                  23 140      117    2 724    1 817

command line: [2]
    ---------------------------------------------------------
    Total:

dbgstm8mld.a: [3]
    __dbg_break.o                1
    __dbg_xxexit.o              26
    ---------------------------------------------------------
    Total:                      27

dlstm8mln.a: [4]
    atoi.o                      17
    cexit.o                      6
    cstartup.o                  23
    dc_util.o                   88
    errno.o                                                 2
    exit.o                       4
    far.o                       10
    far_util.o                 126
    init.o                     149
    interrupt.o                  4               128
    long.o                     542
    long_util.o                172
    low_level_init.o             3
    memchr.o                    34
    memcpy.o                    49
    memset.o                    26
    move.o                      19
    short.o                     38
    strcpy.o                    40
    strlen.o                    27
    strstr.o                   151
    unhandled_exception.o        3
    vreg_util.o                527
    vregs.o                                                16
    xgetmemchunk.o             207                          3
    xstoul.o                   739                74
    xxmemxfree.o               620
    xxmemxmalloc.o             721                          6
    ---------------------------------------------------------
    Total:                   4 345               202       27

    Linker created                                21    1 824
-------------------------------------------------------------
    Grand Total:            27 512      117    2 947    3 668


*******************************************************************************
*** ENTRY LIST
***

Entry                    Address   Size  Type      Object
-----                    -------   ----  ----      ------
?add32_l0_l0_0x         0x008436         Code  Gb  long.o [4]
?add32_l0_l0_l1         0x008433         Code  Gb  long.o [4]
?b0                     0x000000         Data  Gb  vregs.o [4]
?b1                     0x000001         Data  Gb  vregs.o [4]
?b10                    0x00000a         Data  Gb  vregs.o [4]
?b11                    0x00000b         Data  Gb  vregs.o [4]
?b12                    0x00000c         Data  Gb  vregs.o [4]
?b13                    0x00000d         Data  Gb  vregs.o [4]
?b14                    0x00000e         Data  Gb  vregs.o [4]
?b15                    0x00000f         Data  Gb  vregs.o [4]
?b2                     0x000002         Data  Gb  vregs.o [4]
?b3                     0x000003         Data  Gb  vregs.o [4]
?b4                     0x000004         Data  Gb  vregs.o [4]
?b5                     0x000005         Data  Gb  vregs.o [4]
?b6                     0x000006         Data  Gb  vregs.o [4]
?b7                     0x000007         Data  Gb  vregs.o [4]
?b8                     0x000008         Data  Gb  vregs.o [4]
?b9                     0x000009         Data  Gb  vregs.o [4]
?dc32_l0                0x009021         Code  Gb  dc_util.o [4]
?dc32_l1                0x00904d         Code  Gb  dc_util.o [4]
?dec32_0x_0x            0x00841f         Code  Gb  long.o [4]
?dec32_l0_l0            0x008410         Code  Gb  long.o [4]
?dec32_l2_l2            0x008415         Code  Gb  long.o [4]
?dec32_l3_l3            0x00841a         Code  Gb  long.o [4]
?e0                     0x000001         Data  Gb  vregs.o [4]
?e1                     0x000005         Data  Gb  vregs.o [4]
?e2                     0x000009         Data  Gb  vregs.o [4]
?e3                     0x00000d         Data  Gb  vregs.o [4]
?epilogue_l2            0x008759         Code  Gb  vreg_util.o [4]
?epilogue_l2_l3         0x008755         Code  Gb  vreg_util.o [4]
?epilogue_l2_w6         0x00875e         Code  Gb  vreg_util.o [4]
?epilogue_w4            0x008767         Code  Gb  vreg_util.o [4]
?inc32_0x_0x            0x008402         Code  Gb  long.o [4]
?inc32_l0_l0            0x0083f3         Code  Gb  long.o [4]
?inc32_l2_l2            0x0083f8         Code  Gb  long.o [4]
?inc32_l3_l3            0x0083fd         Code  Gb  long.o [4]
?l0                     0x000000         Data  Gb  vregs.o [4]
?l1                     0x000004         Data  Gb  vregs.o [4]
?l2                     0x000008         Data  Gb  vregs.o [4]
?l3                     0x00000c         Data  Gb  vregs.o [4]
?load24_0x_e0           0x008ffb         Code  Gb  far_util.o [4]
?load24_0x_e2           0x009013         Code  Gb  far_util.o [4]
?load24_e0_0x           0x008faf         Code  Gb  far_util.o [4]
?load24_e0_asp          0x008fa3         Code  Gb  far_util.o [4]
?load24_e0_xsp          0x008fa5         Code  Gb  far_util.o [4]
?load24_e1_0x           0x008fc9         Code  Gb  far_util.o [4]
?load24_e1_asp          0x008fbd         Code  Gb  far_util.o [4]
?load24_e1_xsp          0x008fbf         Code  Gb  far_util.o [4]
?load24_e2_0x           0x008fe3         Code  Gb  far_util.o [4]
?load24_e2_asp          0x008fd7         Code  Gb  far_util.o [4]
?load24_e2_xsp          0x008fd9         Code  Gb  far_util.o [4]
?load24_xsp_e0          0x008ff1         Code  Gb  far_util.o [4]
?load24_xsp_e2          0x009009         Code  Gb  far_util.o [4]
?load32_0x_l0           0x008eeb         Code  Gb  long_util.o [4]
?load32_0x_l1           0x008ef9         Code  Gb  long_util.o [4]
?load32_0x_l2           0x008f07         Code  Gb  long_util.o [4]
?load32_l0_0x           0x008e83         Code  Gb  long_util.o [4]
?load32_l0_asp          0x008e77         Code  Gb  long_util.o [4]
?load32_l0_dbsp         0x008e69         Code  Gb  long_util.o [4]
?load32_l0_xsp          0x008e79         Code  Gb  long_util.o [4]
?load32_l1_0x           0x008ea9         Code  Gb  long_util.o [4]
?load32_l1_asp          0x008e9d         Code  Gb  long_util.o [4]
?load32_l1_dbsp         0x008e8f         Code  Gb  long_util.o [4]
?load32_l1_xsp          0x008e9f         Code  Gb  long_util.o [4]
?load32_l2_0x           0x008ebf         Code  Gb  long_util.o [4]
?load32_l2_xsp          0x008eb5         Code  Gb  long_util.o [4]
?load32_l3_0x           0x008ed5         Code  Gb  long_util.o [4]
?load32_l3_xsp          0x008ecb         Code  Gb  long_util.o [4]
?load32_xsp_l0          0x008ee1         Code  Gb  long_util.o [4]
?mov_e0_e1              0x00877d         Code  Gb  vreg_util.o [4]
?mov_e0_e2              0x00878a         Code  Gb  vreg_util.o [4]
?mov_e0_e3              0x008797         Code  Gb  vreg_util.o [4]
?mov_e1_e0              0x0087a4         Code  Gb  vreg_util.o [4]
?mov_e1_e2              0x0087b1         Code  Gb  vreg_util.o [4]
?mov_e1_e3              0x0087be         Code  Gb  vreg_util.o [4]
?mov_e2_e0              0x0087cb         Code  Gb  vreg_util.o [4]
?mov_e2_e1              0x0087d5         Code  Gb  vreg_util.o [4]
?mov_e2_e3              0x0087df         Code  Gb  vreg_util.o [4]
?mov_e3_e0              0x0087ec         Code  Gb  vreg_util.o [4]
?mov_e3_e1              0x0087f9         Code  Gb  vreg_util.o [4]
?mov_e3_e2              0x008806         Code  Gb  vreg_util.o [4]
?mov_l0_l1              0x00877a         Code  Gb  vreg_util.o [4]
?mov_l0_l2              0x008787         Code  Gb  vreg_util.o [4]
?mov_l0_l3              0x008794         Code  Gb  vreg_util.o [4]
?mov_l1_l0              0x0087a1         Code  Gb  vreg_util.o [4]
?mov_l1_l2              0x0087ae         Code  Gb  vreg_util.o [4]
?mov_l1_l3              0x0087bb         Code  Gb  vreg_util.o [4]
?mov_l2_l0              0x0087c8         Code  Gb  vreg_util.o [4]
?mov_l3_l0              0x0087e9         Code  Gb  vreg_util.o [4]
?mov_l3_l1              0x0087f6         Code  Gb  vreg_util.o [4]
?mov_l3_l2              0x008803         Code  Gb  vreg_util.o [4]
?mov_w1_w3              0x008780         Code  Gb  vreg_util.o [4]
?mov_w1_w5              0x00878d         Code  Gb  vreg_util.o [4]
?mov_w1_w7              0x00879a         Code  Gb  vreg_util.o [4]
?mov_w3_w1              0x0087a7         Code  Gb  vreg_util.o [4]
?mov_w3_w4              0x00876c         Code  Gb  vreg_util.o [4]
?mov_w3_w5              0x0087b4         Code  Gb  vreg_util.o [4]
?mov_w3_w6              0x008773         Code  Gb  vreg_util.o [4]
?mov_w3_w7              0x0087c1         Code  Gb  vreg_util.o [4]
?mov_w5_w1              0x0087ce         Code  Gb  vreg_util.o [4]
?mov_w5_w3              0x0087d8         Code  Gb  vreg_util.o [4]
?mov_w5_w7              0x0087e2         Code  Gb  vreg_util.o [4]
?mov_w7_w1              0x0087ef         Code  Gb  vreg_util.o [4]
?mov_w7_w3              0x0087fc         Code  Gb  vreg_util.o [4]
?mov_w7_w5              0x008809         Code  Gb  vreg_util.o [4]
?move1624_v_x_e0_y      0x009894         Code  Gb  move.o [4]
?mul16_x_x_w0           0x00945e         Code  Gb  short.o [4]
?mul32_l0_l0_l1         0x008469         Code  Gb  long.o [4]
?neg32_l0_l0            0x0083e3         Code  Gb  long.o [4]
?pop_e0                 0x0086ac         Code  Gb  vreg_util.o [4]
?pop_e2                 0x0086bb         Code  Gb  vreg_util.o [4]
?pop_e3                 0x0086ca         Code  Gb  vreg_util.o [4]
?pop_l0                 0x00871d         Code  Gb  vreg_util.o [4]
?pop_l1                 0x008728         Code  Gb  vreg_util.o [4]
?pop_l2                 0x008733         Code  Gb  vreg_util.o [4]
?pop_l3                 0x00873e         Code  Gb  vreg_util.o [4]
?pop_w4                 0x008622         Code  Gb  vreg_util.o [4]
?pop_w6                 0x008629         Code  Gb  vreg_util.o [4]
?push_e0                0x00863c         Code  Gb  vreg_util.o [4]
?push_e1                0x008658         Code  Gb  vreg_util.o [4]
?push_e2                0x008674         Code  Gb  vreg_util.o [4]
?push_e3                0x008690         Code  Gb  vreg_util.o [4]
?push_l0                0x0086e8         Code  Gb  vreg_util.o [4]
?push_l1                0x0086ed         Code  Gb  vreg_util.o [4]
?push_l2                0x0086f2         Code  Gb  vreg_util.o [4]
?push_l3                0x0086f7         Code  Gb  vreg_util.o [4]
?push_w4                0x008601         Code  Gb  vreg_util.o [4]
?push_w6                0x008606         Code  Gb  vreg_util.o [4]
?scmp32_c_l0_l1         0x0085ce         Code  Gb  long.o [4]
?sdiv32_l0_l0_dl        0x008564         Code  Gb  long.o [4]
?sdiv32_l0_l0_l1        0x008568         Code  Gb  long.o [4]
?sext32_l0_x            0x0085f6         Code  Gb  long.o [4]
?sll16_x_x_a            0x00947c         Code  Gb  short.o [4]
?smod32_l1_l0_l1        0x008568         Code  Gb  long.o [4]
?srl32_0x_0x_a          0x0085e8         Code  Gb  long.o [4]
?srl32_l0_l0_a          0x0085e5         Code  Gb  long.o [4]
?sub32_l0_l0_0x         0x008451         Code  Gb  long.o [4]
?sub32_l0_l0_l1         0x00844e         Code  Gb  long.o [4]
?ucmp24_c_0x_e0         0x009b98         Code  Gb  far.o [4]
?ucmp32_c_l0_0x         0x0085b3         Code  Gb  long.o [4]
?ucmp32_c_l0_l1         0x0085c3         Code  Gb  long.o [4]
?udiv32_l0_dl_l1        0x0084ed         Code  Gb  long.o [4]
?udiv32_l0_l0_dl        0x0084f3         Code  Gb  long.o [4]
?udiv32_l0_l0_l1        0x0084f7         Code  Gb  long.o [4]
?umod32_l1_l0_dl        0x0084e7         Code  Gb  long.o [4]
?umod32_l1_l0_l1        0x0084f7         Code  Gb  long.o [4]
?w0                     0x000000         Data  Gb  vregs.o [4]
?w1                     0x000002         Data  Gb  vregs.o [4]
?w2                     0x000004         Data  Gb  vregs.o [4]
?w3                     0x000006         Data  Gb  vregs.o [4]
?w4                     0x000008         Data  Gb  vregs.o [4]
?w5                     0x00000a         Data  Gb  vregs.o [4]
?w6                     0x00000c         Data  Gb  vregs.o [4]
?w7                     0x00000e         Data  Gb  vregs.o [4]
ACK_Response            0x00f69f    0x6  Code  Lc  bsp_ymodem.o [1]
ADC1_COMP_IRQHandler    0x00ec8b   0x3b  Code  Gb  stm8l15x_it.o [1]
ADC_ChannelCmd          0x00ed6f   0x33  Code  Gb  stm8l15x_adc.o [1]
ADC_ClearFlag           0x00f5f5    0xf  Code  Gb  stm8l15x_adc.o [1]
ADC_ClearITPendingBit   0x00f331   0x20  Code  Gb  stm8l15x_adc.o [1]
ADC_Cmd                 0x00f49f   0x19  Code  Gb  stm8l15x_adc.o [1]
ADC_DeInit              0x00c82f  0x109  Code  Gb  stm8l15x_adc.o [1]
ADC_GetConversionValue  0x00ef4e   0x2c  Code  Gb  stm8l15x_adc.o [1]
ADC_GetFlagStatus       0x00f483   0x1c  Code  Gb  stm8l15x_adc.o [1]
ADC_Init                0x00ec50   0x3b  Code  Gb  stm8l15x_adc.o [1]
ADC_SamplingTimeConfig  0x00e9e2   0x48  Code  Gb  stm8l15x_adc.o [1]
ADC_SchmittTriggerConfig
                        0x00eda2   0x33  Code  Gb  stm8l15x_adc.o [1]
ADC_SoftwareStartConv   0x00f66b    0xb  Code  Gb  stm8l15x_adc.o [1]
ADC_USB_Insert_Check    0x00d1d5   0xd6  Code  Gb  bsp_adc.o [1]
ADC_USB_Pullout_Check   0x00d380   0xce  Code  Gb  bsp_adc.o [1]
ADC_USB_Zero_Calibration
                        0x00e727   0x51  Code  Gb  bsp_adc.o [1]
ADC_VrefIN_Init         0x00e4f0   0x69  Code  Lc  bsp_adc.o [1]
ADC_Vref_Calculate      0x00f566   0x15  Code  Gb  bsp_adc.o [1]
ADC_VrefintCmd          0x00f4b8   0x19  Code  Gb  stm8l15x_adc.o [1]
APP_COMM_Init           0x00f1b3   0x26  Code  Gb  app_comm_g510.o [1]
APP_GPRS_ATCmdAckCheck  0x00c3a2  0x144  Code  Lc  app_comm_g510.o [1]
APP_GPRS_SendATCmd      0x00baea  0x1cc  Code  Lc  app_comm_g510.o [1]
APP_GPRS_SetFileLen     0x00ce42   0xf2  Code  Lc  app_comm_g510.o [1]
APP_GPRS_SetMAC         0x00f0c6   0x28  Code  Lc  app_comm_g510.o [1]
APP_GPRS_StateProcTbl   0x009554   0x1e  Data  Lc  app_comm_g510.o [1]
APP_GPRS_State_Comm_Proc
                        0x00c938  0x108  Code  Lc  app_comm_g510.o [1]
APP_GPRS_State_Connect_Proc
                        0x00c60a  0x115  Code  Lc  app_comm_g510.o [1]
APP_GPRS_State_Init_Proc
                        0x00dd91   0x87  Code  Lc  app_comm_g510.o [1]
APP_GPRS_State_Mess_Proc
                        0x00c71f  0x110  Code  Lc  app_comm_g510.o [1]
APP_GPRS_TimeProc       0x00de18   0x83  Code  Gb  app_comm_g510.o [1]
APP_GPRS_WriteATPacket  0x00b467  0x25a  Code  Lc  app_comm_g510.o [1]
APP_GPRS_WriteDataIDPacket
                        0x009c97  0xa49  Code  Lc  app_comm_g510.o [1]
APP_GPRS_WritePUBPacket
                        0x00b18c  0x2db  Code  Lc  app_comm_g510.o [1]
APP_SuTask_DecodeProc   0x00ab42  0x329  Code  Gb  app_comm_g510.o [1]
APP_SubTask_CmdProc     0x00db43   0x9e  Code  Gb  app_comm_g510.o [1]
APP_SubTask_StateProc   0x00a6e0  0x462  Code  Gb  app_comm_g510.o [1]
AT_CmdTbl               0x008ce7   0xcf  Data  Gb  app_comm_g510.o [1]
BSP_LOG                 0x00e8b7   0x4e  Code  Gb  bsp_uart.o [1]
BSP_LOG_Value           0x00e677   0x59  Code  Gb  bsp_uart.o [1]
BSP_Task_Flag_Init      0x00f681    0x9  Code  Gb  bsp_var.o [1]
BSP_UART_Transmit       0x00ea2a   0x47  Code  Gb  bsp_uart.o [1]
Broadcast_Flag          0x00079f    0x1  Data  Gb  app_comm_pc.o [1]
Bsp_ADC_USB_Init        0x00e014   0x7b  Code  Gb  bsp_adc.o [1]
Bsp_GPIO_Init           0x00ef22    0x8  Code  Gb  bsp_gpio.o [1]
Bsp_MEM_Init            0x00cd4d   0xf5  Code  Gb  bsp_mem.o [1]
Bsp_Peripheral_Init     0x00ea71   0x3e  Code  Lc  bsp_common.o [1]
Bsp_Rcc_Init            0x00f5a5   0x15  Code  Gb  bsp_rcc.o [1]
Bsp_SYS_Var_Init        0x00dc77   0x8f  Code  Gb  bsp_var.o [1]
Bsp_Task_Control        0x00e559   0x63  Code  Gb  bsp_task.o [1]
Bsp_Time_Update         0x00cf34   0xed  Code  Gb  bsp_tim.o [1]
Bsp_Uart_Data           0x00f311   0x20  Code  Gb  bsp_uart.o [1]
CAN_Response            0x00f6ab    0x6  Code  Lc  bsp_ymodem.o [1]
CLK_DeInit              0x00e819   0x4f  Code  Gb  stm8l15x_clk.o [1]
CLK_GetClockFreq        0x00e868   0x4f  Code  Gb  stm8l15x_clk.o [1]
CLK_HSICmd              0x00f4d1   0x19  Code  Gb  stm8l15x_clk.o [1]
CLK_PeripheralClockConfig
                        0x00e1f8   0x71  Code  Gb  stm8l15x_clk.o [1]
CLK_SYSCLKDivConfig     0x00f6ce    0x5  Code  Gb  stm8l15x_clk.o [1]
CLK_SYSCLKSourceConfig  0x00f6c9    0x5  Code  Gb  stm8l15x_clk.o [1]
COMM_Task               0x00cc4b  0x102  Code  Gb  6 task_communicate.o [1]
CSTACK$$Base            0x000c00          --   Gb  - Linker created -
CSTACK$$Limit           0x001000          --   Gb  - Linker created -
Check_Strstr            0x00e6d0   0x57  Code  Gb  app_common.o [1]
Clr_Task                0x00f3b1   0x1f  Code  Gb  app_common.o [1]
CntLeadZeros            0x00f28d   0x22  Code  Gb  app_common.o [1]
Com_Bsp_Init            0x00f466   0x1d  Code  Gb  bsp_common.o [1]
Command_Send_G510       0x00e61d   0x5a  Code  Gb  bsp_gprs.o [1]
Contrl_Task             0x00de9b   0x81  Code  Gb  2 task_control.o [1]
DMA1_CHANNEL0_1_IRQHandler
                        0x00f6ed    0x1  Code  Gb  stm8l15x_it.o [1]
DMA1_CHANNEL2_3_IRQHandler
                        0x00f6ee    0x1  Code  Gb  stm8l15x_it.o [1]
Data16_2_BCD            0x00eaed   0x3c  Code  Gb  app_common.o [1]
Data8_2_BCD             0x00f1d9   0x25  Code  Gb  app_common.o [1]
DecimalToASCII          0x00b90a  0x1e0  Code  Gb  app_common.o [1]
DecimalToASCII16        0x00d2ab   0xd5  Code  Gb  app_common.o [1]
EOT_Response            0x00f6b1    0x6  Code  Lc  bsp_ymodem.o [1]
EXTI0_IRQHandler        0x00f6ef    0x1  Code  Gb  stm8l15x_it.o [1]
EXTI1_IRQHandler        0x00f6f0    0x1  Code  Gb  stm8l15x_it.o [1]
EXTI2_IRQHandler        0x00f04b   0x29  Code  Gb  stm8l15x_it.o [1]
EXTI3_IRQHandler        0x00f074   0x29  Code  Gb  stm8l15x_it.o [1]
EXTI4_IRQHandler        0x00f6f1    0x1  Code  Gb  stm8l15x_it.o [1]
EXTI5_IRQHandler        0x00f42a   0x1e  Code  Gb  stm8l15x_it.o [1]
EXTI6_IRQHandler        0x00f6f2    0x1  Code  Gb  stm8l15x_it.o [1]
EXTI7_IRQHandler        0x00ecff   0x39  Code  Gb  stm8l15x_it.o [1]
EXTIB_G_IRQHandler      0x00eff9   0x29  Code  Gb  stm8l15x_it.o [1]
EXTID_H_IRQHandler      0x00f022   0x29  Code  Gb  stm8l15x_it.o [1]
EXTIE_F_PVD_IRQHandler  0x00efd0   0x29  Code  Gb  stm8l15x_it.o [1]
EXTI_ClearITPendingBit  0x00f54e   0x18  Code  Gb  stm8l15x_exti.o [1]
EXTI_GetITStatus        0x00f351   0x20  Code  Gb  stm8l15x_exti.o [1]
FLASH_Erase_Block       0x000010   0x75  Code  Gb  bsp_mem.o [1]
FLASH_IRQHandler        0x00f6ec    0x1  Code  Gb  stm8l15x_it.o [1]
FLASH_ReadByte          0x00f6d3    0x5  Code  Gb  stm8l15x_flash.o [1]
Feed_The_IWDog          0x00f3d0    0x4  Code  Gb  bsp_iwdg.o [1]
File_Address            0x000785    0x4  Data  Gb  bsp_ymodem.o [1]
File_Send_G510          0x00b6c1  0x249  Code  Lc  app_comm_g510.o [1]
FitCRC_Calc16           0x00eaaf    0x1  Code  Gb  crc16.o [1]
FitCRC_Get16            0x00d517   0xc7  Code  Gb  crc16.o [1]
FitCRC_Update16         0x00eab0   0x3d  Code  Gb  crc16.o [1]
Frame_Time_Cnt          0x000799    0x1  Data  Gb  6 task_communicate.o [1]
G510_Power_DISEN        0x00f2f1   0x20  Code  Gb  bsp_gprs.o [1]
G510_Power_EN           0x00f2d1   0x20  Code  Gb  bsp_gprs.o [1]
G510_Var_Init           0x00f116   0x28  Code  Lc  bsp_var.o [1]
GPIO_Init               0x00d5de   0xbb  Code  Gb  stm8l15x_gpio.o [1]
GPIO_ResetBits          0x00f613    0xe  Code  Gb  stm8l15x_gpio.o [1]
GPIO_SetBits            0x00f621    0xd  Code  Gb  stm8l15x_gpio.o [1]
GPIO_ToggleBits         0x00f62e    0xd  Code  Gb  stm8l15x_gpio.o [1]
GPIO_WriteBit           0x00f3ee   0x1e  Code  Gb  stm8l15x_gpio.o [1]
Get_ADC_Value           0x00d699   0xb7  Code  Gb  bsp_adc.o [1]
Get_Symbol              0x00e5bc   0x61  Code  Gb  app_common.o [1]
Get_Uint_Data           0x00e269   0x6c  Code  Gb  app_common.o [1]
HEAP$$Base              0x0007a9          --   Gb  - Linker created -
HEAP$$Limit             0x000ac9          --   Gb  - Linker created -
I2C1_SPI2_IRQHandler    0x00f6fa    0x1  Code  Gb  stm8l15x_it.o [1]
INTVEC$$Base            0x008000          --   Gb  - Linker created -
INTVEC$$Limit           0x008080          --   Gb  - Linker created -
IWDG_Enable             0x00f691    0x7  Code  Gb  stm8l15x_iwdg.o [1]
IWDG_Init               0x00f3d4   0x1a  Code  Gb  bsp_iwdg.o [1]
IWDG_ReloadCounter      0x00f68a    0x7  Code  Gb  stm8l15x_iwdg.o [1]
IWDG_SetPrescaler       0x00f6dd    0x5  Code  Gb  stm8l15x_iwdg.o [1]
IWDG_SetReload          0x00f6e2    0x5  Code  Gb  stm8l15x_iwdg.o [1]
IWDG_WriteAccessCmd     0x00f6d8    0x5  Code  Gb  stm8l15x_iwdg.o [1]
Interaction_Task        0x00e950   0x4a  Code  Gb  8 task_interaction.o [1]
LCD_AES_IRQHandler      0x00f6f3    0x1  Code  Gb  stm8l15x_it.o [1]
LED_ALL_OFF             0x00ee69   0x10  Code  Gb  bsp_led.o [1]
LED_ALL_ON              0x00ee79   0x10  Code  Gb  bsp_led.o [1]
LED_BATTERY_INDICATION  0x00e08f   0x7b  Code  Gb  bsp_led.o [1]
LED_Init                0x00ee89    0xf  Code  Gb  bsp_led.o [1]
Lock_DATA               0x00f655    0xb  Code  Gb  bsp_mem.o [1]
MEM_Read_Task           0x00eb64   0x3b  Code  Gb  3 task_mem_read.o [1]
MEM_Write_Task          0x00eb9f   0x3b  Code  Gb  4 task_mem_write.o [1]
Measure_Task            0x00bcb6  0x1a5  Code  Gb  5 task_measure.o [1]
NAK_Response            0x00f6a5    0x6  Code  Lc  bsp_ymodem.o [1]
Net_Conn_Task           0x00ebda   0x3b  Code  Gb  7 task_net_connect.o [1]
PC_Action               0x00c10e  0x14a  Code  Gb  app_comm_pc.o [1]
PC_Decode               0x00d802   0xac  Code  Gb  app_comm_pc.o [1]
PC_RX_BUFF              0x000621  0x10e  Data  Gb  bsp_uart.o [1]
PC_Return               0x00ae6b  0x321  Code  Gb  app_comm_pc.o [1]
PC_TX_BUFF              0x000510  0x111  Data  Gb  bsp_uart.o [1]
RTC_CSSLSE_IRQHandler   0x00f40c   0x1e  Code  Gb  stm8l15x_it.o [1]
RTC_GetITStatus         0x00f09d   0x29  Code  Gb  stm8l15x_rtc.o [1]
Read_BufferFlash        0x00e778   0x51  Code  Gb  bsp_mem.o [1]
Read_Data               0x00e3ad   0x6c  Code  Gb  bsp_mem.o [1]
Read_file_len           0x00dbe1   0x96  Code  Gb  bsp_mem.o [1]
Region$$Table$$Base     0x008080          --   Gb  - Linker created -
Region$$Table$$Limit    0x008095          --   Gb  - Linker created -
Return_Network          0x00d44e   0xc9  Code  Gb  app_comm_pc.o [1]
SG_Task                 0x00eb29   0x3b  Code  Gb  1 task_safeguard.o [1]
SPI1_IRQHandler         0x00f6f9    0x1  Code  Gb  stm8l15x_it.o [1]
SSL_Certificate_Storage
                        0x00d9fd   0xa3  Code  Lc  bsp_ymodem.o [1]
SWITCH_CSS_BREAK_DAC_IRQHandler
                        0x00f6f4    0x1  Code  Gb  stm8l15x_it.o [1]
SYSDivFactor            0x009c51    0x5  Data  Gb  stm8l15x_clk.o [1]
SYS_Manuf               0x00072f   0x27  Data  Gb  app_comm_pc.o [1]
SYS_Mess_Ver_Init       0x00dd06   0x8b  Code  Lc  bsp_var.o [1]
Send_WILL_Data          0x00d8ae   0xaa  Code  Lc  app_comm_g510.o [1]
Set_Outage_Time         0x00e7c9   0x50  Code  Lc  app_comm_g510.o [1]
Set_Remaining_Time      0x00e99a   0x48  Code  Lc  app_comm_g510.o [1]
Set_Task                0x00f13e   0x27  Code  Gb  app_common.o [1]
Sum                     0x00ee39   0x30  Code  Gb  app_common.o [1]
Sum_Check               0x00e485   0x6b  Code  Gb  app_common.o [1]
System_Flag             0x0007a6    0x2  Data  Gb  bsp_var.o [1]
TASK_State              0x0007a8    0x1  Data  Gb  bsp_var.o [1]
TIM1_CC_IRQHandler      0x00f6f7    0x1  Code  Gb  stm8l15x_it.o [1]
TIM1_UPD_OVF_TRG_COM_IRQHandler
                        0x00f6f6    0x1  Code  Gb  stm8l15x_it.o [1]
TIM2_ARRPreloadConfig   0x00f4ea   0x19  Code  Gb  stm8l15x_tim2.o [1]
TIM2_CC_USART2_RX_IRQHandler
                        0x00d750   0xb2  Code  Gb  stm8l15x_it.o [1]
TIM2_ClearITPendingBit  0x00f6b7    0x6  Code  Gb  stm8l15x_tim2.o [1]
TIM2_Cmd                0x00f503   0x19  Code  Gb  stm8l15x_tim2.o [1]
TIM2_GetFlagStatus      0x00f222   0x24  Code  Gb  stm8l15x_tim2.o [1]
TIM2_ITConfig           0x00f448   0x1e  Code  Gb  stm8l15x_tim2.o [1]
TIM2_TimeBaseInit       0x00edd5   0x32  Code  Gb  stm8l15x_tim2.o [1]
TIM2_UPD_OVF_TRG_BRK_USART2_TX_IRQHandler
                        0x00df98   0x7c  Code  Gb  stm8l15x_it.o [1]
TIM3_ARRPreloadConfig   0x00f51c   0x19  Code  Gb  stm8l15x_tim3.o [1]
TIM3_CC_USART3_RX_IRQHandler
                        0x00f6f5    0x1  Code  Gb  stm8l15x_it.o [1]
TIM3_ClearFlag          0x00f604    0xf  Code  Gb  stm8l15x_tim3.o [1]
TIM3_ClearITPendingBit  0x00f6bd    0x6  Code  Gb  stm8l15x_tim3.o [1]
TIM3_Cmd                0x00f535   0x19  Code  Gb  stm8l15x_tim3.o [1]
TIM3_GetFlagStatus      0x00f246   0x24  Code  Gb  stm8l15x_tim3.o [1]
TIM3_GetITStatus        0x00f371   0x20  Code  Gb  stm8l15x_tim3.o [1]
TIM3_TimeBaseInit       0x00ee07   0x32  Code  Gb  stm8l15x_tim3.o [1]
TIM3_UPD_OVF_TRG_BRK_USART3_TX_IRQHandler
                        0x00f165   0x27  Code  Gb  stm8l15x_it.o [1]
TIM4_UPD_OVF_TRG_IRQHandler
                        0x00f6f8    0x1  Code  Gb  stm8l15x_it.o [1]
TIM5_ClearITPendingBit  0x00f6c3    0x6  Code  Gb  stm8l15x_tim5.o [1]
TIM5_GetITStatus        0x00f391   0x20  Code  Gb  stm8l15x_tim5.o [1]
TRAP_IRQHandler         0x00f6eb    0x1  Code  Gb  stm8l15x_it.o [1]
Task_Struct             0x000085   0x18  Data  Gb  task_common.o [1]
Tim2_Init               0x00efa6   0x2a  Code  Gb  bsp_tim.o [1]
Tim3_Delay_Init         0x00f5cf   0x14  Code  Gb  bsp_tim.o [1]
Tim3_Delay_Ms           0x00ecc6   0x39  Code  Gb  bsp_tim.o [1]
Time_Count              0x000774    0x7  Data  Gb  bsp_tim.o [1]
Transform_Remaining_Time
                        0x00e184   0x74  Code  Lc  app_comm_g510.o [1]
UART1_Init              0x00df1c   0x7c  Code  Gb  bsp_uart.o [1]
UART2_Init              0x00e10a   0x7a  Code  Gb  bsp_uart.o [1]
UART_RxByteCnt          0x000798    0x1  Data  Gb  6 task_communicate.o [1]
USART1_RX_TIM5_CC_IRQHandler
                        0x00c258  0x14a  Code  Gb  stm8l15x_it.o [1]
USART1_TX_TIM5_UPD_OVF_TRG_BRK_IRQHandler
                        0x00f18c   0x27  Code  Gb  stm8l15x_it.o [1]
USART_ClearFlag         0x00f698    0x7  Code  Gb  stm8l15x_usart.o [1]
USART_ClearITPendingBit
                        0x00f676    0xb  Code  Gb  stm8l15x_usart.o [1]
USART_Cmd               0x00f2af   0x22  Code  Gb  stm8l15x_usart.o [1]
USART_GetFlagStatus     0x00ef7a   0x2c  Code  Gb  stm8l15x_usart.o [1]
USART_GetITStatus       0x00daa0   0xa3  Code  Gb  stm8l15x_usart.o [1]
USART_ITConfig          0x00d958   0xa5  Code  Gb  stm8l15x_usart.o [1]
USART_Init              0x00ca40  0x108  Code  Gb  stm8l15x_usart.o [1]
USART_ReceiveData8      0x00f63b    0xd  Code  Gb  stm8l15x_usart.o [1]
USART_SendData8         0x00f648    0xd  Code  Gb  stm8l15x_usart.o [1]
USB_Sample_GPIO_Init    0x00f5e3   0x12  Code  Gb  bsp_gpio.o [1]
USB_Voltage_Value       0x00f0ee   0x28  Code  Gb  bsp_adc.o [1]
Uart1_SendData          0x00eec6   0x2e  Code  Gb  bsp_uart.o [1]
Uart2_SendData          0x00eef4   0x2e  Code  Gb  bsp_uart.o [1]
Unlock_DATA             0x00f57b   0x15  Code  Gb  bsp_mem.o [1]
WriteBufferFlash        0x00d0fd   0xd8  Code  Gb  bsp_mem.o [1]
Write_Data              0x00e341   0x6c  Code  Gb  bsp_mem.o [1]
__DebugBreak            0x009c96    0x1  Code  Gb  __dbg_break.o [3]
__exit                  0x0096e0   0x1a  Code  Gb  __dbg_xxexit.o [3]
__far_Aldata            0x00077b    0x6  Data  Gb  xxmemxmalloc.o [4]
__far_GetMemChunk       0x008db6   0xb3  Code  Gb  xgetmemchunk.o [4]
__far_findmem           0x008c12   0xd5  Code  Lc  xxmemxmalloc.o [4]
__iar_Errno             0x000796    0x2  Data  Gb  errno.o [4]
__iar_Memchr            0x0094f2   0x22  Code  Gb  memchr.o [4]
__iar_Stoul             0x009a8a    0xd  Code  Gb  xstoul.o [4]
__iar_Stoulx            0x008126  0x2bd  Code  Gb  xstoul.o [4]
__iar_Strstr            0x008f15   0x8e  Code  Gb  strstr.o [4]
__iar_copy_init2        0x009108   0x42  Code  Gb  init.o [4]
__iar_data_init2        0x0095cc   0x1e  Code  Gb  init.o [4]
__iar_program_start     0x0097e9         Code  Gb  cstartup.o [4]
__iar_unhandled_exception
                        0x009c8d         Code  Gb  unhandled_exception.o [4]
__iar_zero_init2        0x00936e   0x2a  Code  Gb  init.o [4]
__intvec                0x008000         Data  Gb  interrupt.o [4]
__low_level_init        0x009c8a    0x3  Code  Gb  low_level_init.o [4]
_exit                   0x009c3c         Code  Gb  cexit.o [4]
_interrupt_1            0x00f6eb         Code  Gb  stm8l15x_it.o [1]
_interrupt_10           0x00f6ef         Code  Gb  stm8l15x_it.o [1]
_interrupt_11           0x00f6f0         Code  Gb  stm8l15x_it.o [1]
_interrupt_12           0x00f04b         Code  Gb  stm8l15x_it.o [1]
_interrupt_13           0x00f074         Code  Gb  stm8l15x_it.o [1]
_interrupt_14           0x00f6f1         Code  Gb  stm8l15x_it.o [1]
_interrupt_15           0x00f42a         Code  Gb  stm8l15x_it.o [1]
_interrupt_16           0x00f6f2         Code  Gb  stm8l15x_it.o [1]
_interrupt_17           0x00ecff         Code  Gb  stm8l15x_it.o [1]
_interrupt_18           0x00f6f3         Code  Gb  stm8l15x_it.o [1]
_interrupt_19           0x00f6f4         Code  Gb  stm8l15x_it.o [1]
_interrupt_20           0x00ec8b         Code  Gb  stm8l15x_it.o [1]
_interrupt_21           0x00df98         Code  Gb  stm8l15x_it.o [1]
_interrupt_22           0x00d750         Code  Gb  stm8l15x_it.o [1]
_interrupt_23           0x00f165         Code  Gb  stm8l15x_it.o [1]
_interrupt_24           0x00f6f5         Code  Gb  stm8l15x_it.o [1]
_interrupt_25           0x00f6f6         Code  Gb  stm8l15x_it.o [1]
_interrupt_26           0x00f6f7         Code  Gb  stm8l15x_it.o [1]
_interrupt_27           0x00f6f8         Code  Gb  stm8l15x_it.o [1]
_interrupt_28           0x00f6f9         Code  Gb  stm8l15x_it.o [1]
_interrupt_29           0x00f18c         Code  Gb  stm8l15x_it.o [1]
_interrupt_3            0x00f6ec         Code  Gb  stm8l15x_it.o [1]
_interrupt_30           0x00c258         Code  Gb  stm8l15x_it.o [1]
_interrupt_31           0x00f6fa         Code  Gb  stm8l15x_it.o [1]
_interrupt_4            0x00f6ed         Code  Gb  stm8l15x_it.o [1]
_interrupt_5            0x00f6ee         Code  Gb  stm8l15x_it.o [1]
_interrupt_6            0x00f40c         Code  Gb  stm8l15x_it.o [1]
_interrupt_7            0x00efd0         Code  Gb  stm8l15x_it.o [1]
_interrupt_8            0x00eff9         Code  Gb  stm8l15x_it.o [1]
_interrupt_9            0x00f022         Code  Gb  stm8l15x_it.o [1]
adc_usb_zero_value      0x000781    0x4  Data  Gb  bsp_adc.o [1]
atoi                    0x009934   0x11  Code  Gb  atoi.o [4]
backup_sec              0x0007a2    0x1  Data  Lc  bsp_task.o [1]
bsp_ymodem_continue     0x00cb48  0x103  Code  Gb  bsp_ymodem.o [1]
bsp_ymodem_finish       0x00f5ba   0x15  Code  Gb  bsp_ymodem.o [1]
bsp_ymodem_start        0x00f26a   0x23  Code  Gb  bsp_ymodem.o [1]
bsp_ymodem_trans        0x00e419   0x6c  Code  Gb  bsp_ymodem.o [1]
bubble_sort             0x00d021   0xdc  Code  Gb  bsp_adc.o [1]
charge_control_gpio_init
                        0x00ef2a   0x24  Code  Lc  bsp_gpio.o [1]
clear_task              0x00ee98   0x2e  Code  Gb  app_common.o [1]
data_crc16_check        0x00ec15   0x3b  Code  Lc  bsp_ymodem.o [1]
digits                  0x009484   0x25  Data  Lc  xstoul.o [4]
exit                    0x009c7d    0x4  Code  Gb  exit.o [4]
file_info_decode        0x00c4e6  0x124  Code  Lc  bsp_ymodem.o [1]
free                    0x008810  0x1d0  Code  Gb  xxmemxfree.o [4]
g_Maintask              0x0007a5    0x1  Data  Gb  task_common.o [1]
g_stGPRS_Handler        0x0000a1  0x46f  Data  Gb  app_comm_g510.o [1]
ga_Subtask              0x00076c    0x8  Data  Gb  task_common.o [1]
ga_TaskMapTable         0x008b12  0x100  Data  Gb  task_common.o [1]
get_file_name           0x00bfb8  0x156  Code  Lc  bsp_ymodem.o [1]
gpio_gprs_init          0x00e2d5   0x6c  Code  Lc  bsp_gpio.o [1]
gpio_led_init           0x00f1fe   0x24  Code  Lc  bsp_gpio.o [1]
gprs_status             0x00079b    0x1  Data  Gb  app_comm_g510.o [1]
hour_time_count         0x00078e    0x2  Data  Gb  bsp_var.o [1]
itoa                    0x00be5b  0x15d  Code  Gb  bsp_uart.o [1]
lock_PROG               0x00f660    0xb  Code  Gb  bsp_mem.o [1]
main                    0x00e905   0x4b  Code  Gb  main.o [1]
malloc                  0x0089e0  0x132  Code  Gb  xxmemxmalloc.o [4]
memcpy                  0x009204   0x31  Code  Gb  memcpy.o [4]
memset                  0x0096c6   0x1a  Code  Gb  memset.o [4]
min_time_count          0x000790    0x2  Data  Gb  bsp_var.o [1]
mode_status             0x00079a    0x1  Data  Gb  8 task_interaction.o [1]
ndigs                   0x0094a9   0x25  Data  Lc  xstoul.o [4]
outage_time_count       0x000794    0x2  Data  Gb  bsp_var.o [1]
package_head_check      0x00ed38   0x37  Code  Lc  bsp_ymodem.o [1]
remaining_time_count    0x000792    0x2  Data  Gb  bsp_var.o [1]
s_ATCmdStep_Comm        0x009c90    0x2  Data  Lc  app_comm_g510.o [1]
s_ATCmdStep_Connnect    0x009a0f    0xe  Data  Lc  app_comm_g510.o [1]
s_ATCmdStep_Init        0x009c65    0x4  Data  Lc  app_comm_g510.o [1]
s_ATCmdStep_Mess        0x009c92    0x2  Data  Lc  app_comm_g510.o [1]
s_MsCount               0x00078c    0x2  Data  Gb  bsp_tim.o [1]
ssl_file_len            0x000756    0xc  Data  Gb  bsp_mem.o [1]
stateChange             0x0007a3    0x1  Data  Gb  bsp_tim.o [1]
strcpy                  0x0093e9   0x28  Code  Gb  strcpy.o [4]
strlen                  0x009691   0x1b  Code  Gb  strlen.o [4]
strstr                  0x00f6e7    0x4  Code  Gb  bsp_ymodem.o [1]
timeout_uart1           0x00009d    0x4  Data  Gb  stm8l15x_it.o [1]
unlock_PROG             0x00f590   0x15  Code  Gb  bsp_mem.o [1]
ymodem_info             0x000762    0xa  Data  Gb  bsp_ymodem.o [1]
ymodem_status           0x0007a4    0x1  Data  Lc  bsp_ymodem.o [1]


[1] = D:\code\Charge\CHARGE_GPRS\trunk\LPDIC-03D02F\Project\Debug\Obj
[2] = command line
[3] = dbgstm8mld.a
[4] = dlstm8mln.a

  27 512 bytes of readonly  code memory
     117 bytes of readwrite code memory
   2 947 bytes of readonly  data memory
   3 668 bytes of readwrite data memory

Errors: none
Warnings: none
